// Jest Snapshot v1, https://goo.gl/fbAQLP

exports[`Button should render correctly 1`] = `
<div>
  <button
    data-testid="btn"
  >
    Click Me
  </button>
</div>
`;
